(module
  (type (;0;) (func))
  (type (;1;) (func (param i64)))
  (type (;2;) (func (param i64 i64)))
  (import "spectest" "finite_wasm_gas" (func $finite_wasm_gas (;0;) (type 1)))
  (import "spectest" "finite_wasm_stack" (func $finite_wasm_stack (;1;) (type 2)))
  (import "spectest" "finite_wasm_unstack" (func $finite_wasm_unstack (;2;) (type 2)))
  (func $f (;3;) (type 0))
  (func $g (;4;) (type 0))
  (table $t (;0;) 10 funcref)
  (elem (;0;) funcref)
  (elem (;1;) funcref (ref.func $f) (ref.func $f) (ref.null func) (ref.func $g))
  (elem (;2;) func)
  (elem (;3;) func $f $f $g $g)
  (elem $p1 (;4;) funcref)
  (elem $p2 (;5;) funcref (ref.func $f) (ref.func $f) (ref.null func) (ref.func $g))
  (elem $p3 (;6;) func)
  (elem $p4 (;7;) func $f $f $g $g)
  (elem (;8;) (i32.const 0) funcref)
  (elem (;9;) (i32.const 0) funcref (ref.func $f) (ref.null func))
  (elem (;10;) (i32.const 0) func)
  (elem (;11;) (i32.const 0) func $f $g)
  (elem (;12;) (i32.const 0) funcref)
  (elem (;13;) (i32.const 0) func $f $g)
  (elem (;14;) (i32.const 0) func)
  (elem (;15;) (i32.const 0) func $f $f)
  (elem (;16;) (i32.const 0) func)
  (elem (;17;) (i32.const 0) func $f $f)
  (elem (;18;) (i32.const 0) func)
  (elem (;19;) (i32.const 0) func $f $f)
  (elem (;20;) (i32.const 0) func)
  (elem (;21;) (i32.const 0) func $f $f)
  (elem (;22;) (i32.const 0) func)
  (elem (;23;) (i32.const 0) funcref (ref.func $f) (ref.null func))
  (elem (;24;) (i32.const 0) func $f $f)
  (elem (;25;) (i32.const 0) func $f $f)
  (elem (;26;) (i32.const 0) func)
  (elem (;27;) (i32.const 0) funcref (ref.func $f) (ref.null func))
  (elem (;28;) (i32.const 0) func $f $f)
  (elem (;29;) (i32.const 0) func $f $f)
  (elem (;30;) (i32.const 0) funcref (ref.func $f) (ref.null func))
  (elem $a1 (;31;) (i32.const 0) funcref)
  (elem $a2 (;32;) (i32.const 0) funcref (ref.func $f) (ref.null func))
  (elem $a3 (;33;) (i32.const 0) func)
  (elem $a4 (;34;) (i32.const 0) func $f $g)
  (elem $a9 (;35;) (i32.const 0) funcref)
  (elem $a10 (;36;) (i32.const 0) func $f $g)
  (elem $a11 (;37;) (i32.const 0) func)
  (elem $a12 (;38;) (i32.const 0) func $f $f)
  (elem $a13 (;39;) (i32.const 0) func)
  (elem $a14 (;40;) (i32.const 0) func $f $f)
  (elem $a15 (;41;) (i32.const 0) func)
  (elem $a16 (;42;) (i32.const 0) func $f $f)
  (elem $a17 (;43;) (i32.const 0) func)
  (elem $a18 (;44;) (i32.const 0) func $f $f)
  (elem $a19 (;45;) (i32.const 0) func)
  (elem $a20 (;46;) (i32.const 0) funcref (ref.func $f) (ref.null func))
  (elem $a21 (;47;) (i32.const 0) func $f $f)
  (elem $a22 (;48;) (i32.const 0) func $f $f)
  (elem $a23 (;49;) (i32.const 0) func)
  (elem $a24 (;50;) (i32.const 0) funcref (ref.func $f) (ref.null func))
  (elem $a25 (;51;) (i32.const 0) func $f $f)
  (elem $a26 (;52;) (i32.const 0) func $f $f)
  (elem (;53;) declare funcref)
  (elem (;54;) declare funcref (ref.func $f) (ref.func $f) (ref.null func) (ref.func $g))
  (elem (;55;) declare func)
  (elem (;56;) declare func $f $f $g $g)
  (elem $d1 (;57;) declare funcref)
  (elem $d2 (;58;) declare funcref (ref.func $f) (ref.func $f) (ref.null func) (ref.func $g))
  (elem $d3 (;59;) declare func)
  (elem $d4 (;60;) declare func $f $f $g $g)
)
(module
  (type (;0;) (func))
  (type (;1;) (func (param i64)))
  (type (;2;) (func (param i64 i64)))
  (import "spectest" "finite_wasm_gas" (func $finite_wasm_gas (;0;) (type 1)))
  (import "spectest" "finite_wasm_stack" (func $finite_wasm_stack (;1;) (type 2)))
  (import "spectest" "finite_wasm_unstack" (func $finite_wasm_unstack (;2;) (type 2)))
  (func $f (;3;) (type 0))
  (func $g (;4;) (type 0))
  (table $t (;0;) 3 3 funcref)
  (elem (;0;) (i32.const 0) funcref (ref.func $f) (ref.null func) (ref.func $g))
)
(module
  (type (;0;) (func))
  (type (;1;) (func (param i64)))
  (type (;2;) (func (param i64 i64)))
  (import "spectest" "finite_wasm_gas" (func $finite_wasm_gas (;0;) (type 1)))
  (import "spectest" "finite_wasm_stack" (func $finite_wasm_stack (;1;) (type 2)))
  (import "spectest" "finite_wasm_unstack" (func $finite_wasm_unstack (;2;) (type 2)))
  (func $f (;3;) (type 0))
  (table (;0;) 10 funcref)
  (elem (;0;) (i32.const 0) func $f)
)
(module
  (type (;0;) (func))
  (type (;1;) (func (param i64)))
  (type (;2;) (func (param i64 i64)))
  (import "spectest" "finite_wasm_gas" (func $finite_wasm_gas (;0;) (type 1)))
  (import "spectest" "finite_wasm_stack" (func $finite_wasm_stack (;1;) (type 2)))
  (import "spectest" "finite_wasm_unstack" (func $finite_wasm_unstack (;2;) (type 2)))
  (import "spectest" "table" (table (;0;) 10 funcref))
  (func $f (;3;) (type 0))
  (elem (;0;) (i32.const 0) func $f)
)
(module
  (type (;0;) (func))
  (type (;1;) (func (param i64)))
  (type (;2;) (func (param i64 i64)))
  (import "spectest" "finite_wasm_gas" (func $finite_wasm_gas (;0;) (type 1)))
  (import "spectest" "finite_wasm_stack" (func $finite_wasm_stack (;1;) (type 2)))
  (import "spectest" "finite_wasm_unstack" (func $finite_wasm_unstack (;2;) (type 2)))
  (func $f (;3;) (type 0))
  (table (;0;) 10 funcref)
  (elem (;0;) (i32.const 0) func $f)
  (elem (;1;) (i32.const 3) func $f)
  (elem (;2;) (i32.const 7) func $f)
  (elem (;3;) (i32.const 5) func $f)
  (elem (;4;) (i32.const 3) func $f)
)
(module
  (type (;0;) (func))
  (type (;1;) (func (param i64)))
  (type (;2;) (func (param i64 i64)))
  (import "spectest" "finite_wasm_gas" (func $finite_wasm_gas (;0;) (type 1)))
  (import "spectest" "finite_wasm_stack" (func $finite_wasm_stack (;1;) (type 2)))
  (import "spectest" "finite_wasm_unstack" (func $finite_wasm_unstack (;2;) (type 2)))
  (import "spectest" "table" (table (;0;) 10 funcref))
  (func $f (;3;) (type 0))
  (elem (;0;) (i32.const 9) func $f)
  (elem (;1;) (i32.const 3) func $f)
  (elem (;2;) (i32.const 7) func $f)
  (elem (;3;) (i32.const 3) func $f)
  (elem (;4;) (i32.const 5) func $f)
)
(module
  (type (;0;) (func))
  (type (;1;) (func (param i64)))
  (type (;2;) (func (param i64 i64)))
  (import "spectest" "finite_wasm_gas" (func $finite_wasm_gas (;0;) (type 1)))
  (import "spectest" "finite_wasm_stack" (func $finite_wasm_stack (;1;) (type 2)))
  (import "spectest" "finite_wasm_unstack" (func $finite_wasm_unstack (;2;) (type 2)))
  (import "spectest" "global_i32" (global (;0;) i32))
  (func $f (;3;) (type 0))
  (table (;0;) 1000 funcref)
  (elem (;0;) (global.get 0) func $f)
)
(module
  (type (;0;) (func))
  (type (;1;) (func (param i64)))
  (type (;2;) (func (param i64 i64)))
  (import "spectest" "finite_wasm_gas" (func $finite_wasm_gas (;0;) (type 1)))
  (import "spectest" "finite_wasm_stack" (func $finite_wasm_stack (;1;) (type 2)))
  (import "spectest" "finite_wasm_unstack" (func $finite_wasm_unstack (;2;) (type 2)))
  (import "spectest" "global_i32" (global $g (;0;) i32))
  (func $f (;3;) (type 0))
  (table (;0;) 1000 funcref)
  (elem (;0;) (global.get $g) func $f)
)
(module
  (type $out-i32 (;0;) (func (result i32)))
  (type (;1;) (func (param i64)))
  (type (;2;) (func (param i64 i64)))
  (import "spectest" "finite_wasm_gas" (func $finite_wasm_gas (;0;) (type 1)))
  (import "spectest" "finite_wasm_stack" (func $finite_wasm_stack (;1;) (type 2)))
  (import "spectest" "finite_wasm_unstack" (func $finite_wasm_unstack (;2;) (type 2)))
  (func $const-i32-a (;3;) (type $out-i32) (result i32)
    block (result i32) ;; label = @1
      i64.const 4
      i64.const 0
      call $finite_wasm_stack
      i64.const 0
      call $finite_wasm_gas
      i64.const 1
      call $finite_wasm_gas
      i32.const 65
    end
    i64.const 4
    i64.const 0
    call $finite_wasm_unstack
  )
  (func $const-i32-b (;4;) (type $out-i32) (result i32)
    block (result i32) ;; label = @1
      i64.const 4
      i64.const 0
      call $finite_wasm_stack
      i64.const 0
      call $finite_wasm_gas
      i64.const 1
      call $finite_wasm_gas
      i32.const 66
    end
    i64.const 4
    i64.const 0
    call $finite_wasm_unstack
  )
  (func (;5;) (type $out-i32) (result i32)
    block (result i32) ;; label = @1
      i64.const 8
      i64.const 0
      call $finite_wasm_stack
      i64.const 0
      call $finite_wasm_gas
      i64.const 2
      call $finite_wasm_gas
      i32.const 7
      call_indirect (type $out-i32)
    end
    i64.const 8
    i64.const 0
    call $finite_wasm_unstack
  )
  (func (;6;) (type $out-i32) (result i32)
    block (result i32) ;; label = @1
      i64.const 8
      i64.const 0
      call $finite_wasm_stack
      i64.const 0
      call $finite_wasm_gas
      i64.const 2
      call $finite_wasm_gas
      i32.const 9
      call_indirect (type $out-i32)
    end
    i64.const 8
    i64.const 0
    call $finite_wasm_unstack
  )
  (table (;0;) 10 funcref)
  (export "call-7" (func 5))
  (export "call-9" (func 6))
  (elem (;0;) (i32.const 7) func $const-i32-a)
  (elem (;1;) (i32.const 9) func $const-i32-b)
)
(assert_return (invoke "call-7") (i32.const 65))
(assert_return (invoke "call-9") (i32.const 66))

;; Same as the above, but use ref.null to ensure the elements use exprs.
;; Note: some tools like wast2json avoid using exprs when possible.
(module
  (type $out-i32 (;0;) (func (result i32)))
  (type (;1;) (func (param i64)))
  (type (;2;) (func (param i64 i64)))
  (import "spectest" "finite_wasm_gas" (func $finite_wasm_gas (;0;) (type 1)))
  (import "spectest" "finite_wasm_stack" (func $finite_wasm_stack (;1;) (type 2)))
  (import "spectest" "finite_wasm_unstack" (func $finite_wasm_unstack (;2;) (type 2)))
  (func $const-i32-a (;3;) (type $out-i32) (result i32)
    block (result i32) ;; label = @1
      i64.const 4
      i64.const 0
      call $finite_wasm_stack
      i64.const 0
      call $finite_wasm_gas
      i64.const 1
      call $finite_wasm_gas
      i32.const 65
    end
    i64.const 4
    i64.const 0
    call $finite_wasm_unstack
  )
  (func $const-i32-b (;4;) (type $out-i32) (result i32)
    block (result i32) ;; label = @1
      i64.const 4
      i64.const 0
      call $finite_wasm_stack
      i64.const 0
      call $finite_wasm_gas
      i64.const 1
      call $finite_wasm_gas
      i32.const 66
    end
    i64.const 4
    i64.const 0
    call $finite_wasm_unstack
  )
  (func (;5;) (type $out-i32) (result i32)
    block (result i32) ;; label = @1
      i64.const 8
      i64.const 0
      call $finite_wasm_stack
      i64.const 0
      call $finite_wasm_gas
      i64.const 2
      call $finite_wasm_gas
      i32.const 7
      call_indirect (type $out-i32)
    end
    i64.const 8
    i64.const 0
    call $finite_wasm_unstack
  )
  (func (;6;) (type $out-i32) (result i32)
    block (result i32) ;; label = @1
      i64.const 8
      i64.const 0
      call $finite_wasm_stack
      i64.const 0
      call $finite_wasm_gas
      i64.const 2
      call $finite_wasm_gas
      i32.const 9
      call_indirect (type $out-i32)
    end
    i64.const 8
    i64.const 0
    call $finite_wasm_unstack
  )
  (table (;0;) 11 funcref)
  (export "call-7" (func 5))
  (export "call-9" (func 6))
  (elem (;0;) (i32.const 6) funcref (ref.null func) (ref.func $const-i32-a))
  (elem (;1;) (i32.const 9) funcref (ref.func $const-i32-b) (ref.null func))
)
(assert_return (invoke "call-7") (i32.const 65))
(assert_return (invoke "call-9") (i32.const 66))

(module
  (type (;0;) (func))
  (type (;1;) (func (param i64)))
  (type (;2;) (func (param i64 i64)))
  (import "spectest" "finite_wasm_gas" (func $finite_wasm_gas (;0;) (type 1)))
  (import "spectest" "finite_wasm_stack" (func $finite_wasm_stack (;1;) (type 2)))
  (import "spectest" "finite_wasm_unstack" (func $finite_wasm_unstack (;2;) (type 2)))
  (func $f (;3;) (type 0))
  (table (;0;) 10 funcref)
  (elem (;0;) (i32.const 9) func $f)
)
(module
  (type (;0;) (func))
  (type (;1;) (func (param i64)))
  (type (;2;) (func (param i64 i64)))
  (import "spectest" "finite_wasm_gas" (func $finite_wasm_gas (;0;) (type 1)))
  (import "spectest" "finite_wasm_stack" (func $finite_wasm_stack (;1;) (type 2)))
  (import "spectest" "finite_wasm_unstack" (func $finite_wasm_unstack (;2;) (type 2)))
  (import "spectest" "table" (table (;0;) 10 funcref))
  (func $f (;3;) (type 0))
  (elem (;0;) (i32.const 9) func $f)
)
(module
  (table (;0;) 0 funcref)
  (elem (;0;) (i32.const 0) func)
)
(module
  (type (;0;) (func (param i64)))
  (type (;1;) (func (param i64 i64)))
  (import "spectest" "finite_wasm_gas" (func (;0;) (type 0)))
  (import "spectest" "finite_wasm_stack" (func (;1;) (type 1)))
  (import "spectest" "finite_wasm_unstack" (func (;2;) (type 1)))
  (import "spectest" "table" (table (;0;) 0 funcref))
  (elem (;0;) (i32.const 0) func)
)
(module
  (table (;0;) 0 0 funcref)
  (elem (;0;) (i32.const 0) func)
)
(module
  (table (;0;) 20 funcref)
  (elem (;0;) (i32.const 20) func)
)
(module
  (type (;0;) (func))
  (type (;1;) (func (param i64)))
  (type (;2;) (func (param i64 i64)))
  (import "spectest" "finite_wasm_gas" (func $finite_wasm_gas (;0;) (type 1)))
  (import "spectest" "finite_wasm_stack" (func $finite_wasm_stack (;1;) (type 2)))
  (import "spectest" "finite_wasm_unstack" (func $finite_wasm_unstack (;2;) (type 2)))
  (import "spectest" "table" (table (;0;) 0 funcref))
  (func $f (;3;) (type 0))
  (elem (;0;) (i32.const 0) func $f)
)
(module
  (type (;0;) (func))
  (type (;1;) (func (param i64)))
  (type (;2;) (func (param i64 i64)))
  (import "spectest" "finite_wasm_gas" (func $finite_wasm_gas (;0;) (type 1)))
  (import "spectest" "finite_wasm_stack" (func $finite_wasm_stack (;1;) (type 2)))
  (import "spectest" "finite_wasm_unstack" (func $finite_wasm_unstack (;2;) (type 2)))
  (import "spectest" "table" (table (;0;) 0 100 funcref))
  (func $f (;3;) (type 0))
  (elem (;0;) (i32.const 0) func $f)
)
(module
  (type (;0;) (func))
  (type (;1;) (func (param i64)))
  (type (;2;) (func (param i64 i64)))
  (import "spectest" "finite_wasm_gas" (func $finite_wasm_gas (;0;) (type 1)))
  (import "spectest" "finite_wasm_stack" (func $finite_wasm_stack (;1;) (type 2)))
  (import "spectest" "finite_wasm_unstack" (func $finite_wasm_unstack (;2;) (type 2)))
  (import "spectest" "table" (table (;0;) 0 funcref))
  (func $f (;3;) (type 0))
  (elem (;0;) (i32.const 1) func $f)
)
(module
  (type (;0;) (func))
  (type (;1;) (func (param i64)))
  (type (;2;) (func (param i64 i64)))
  (import "spectest" "finite_wasm_gas" (func $finite_wasm_gas (;0;) (type 1)))
  (import "spectest" "finite_wasm_stack" (func $finite_wasm_stack (;1;) (type 2)))
  (import "spectest" "finite_wasm_unstack" (func $finite_wasm_unstack (;2;) (type 2)))
  (import "spectest" "table" (table (;0;) 0 30 funcref))
  (func $f (;3;) (type 0))
  (elem (;0;) (i32.const 1) func $f)
)

(assert_trap (module
  (type (;0;) (func))
  (type (;1;) (func (param i64)))
  (type (;2;) (func (param i64 i64)))
  (import "spectest" "finite_wasm_gas" (func $finite_wasm_gas (;0;) (type 1)))
  (import "spectest" "finite_wasm_stack" (func $finite_wasm_stack (;1;) (type 2)))
  (import "spectest" "finite_wasm_unstack" (func $finite_wasm_unstack (;2;) (type 2)))
  (func $f (;3;) (type 0))
  (table (;0;) 0 funcref)
  (elem (;0;) (i32.const 0) func $f)
) "out of bounds table access")

(assert_trap (module
  (type (;0;) (func))
  (type (;1;) (func (param i64)))
  (type (;2;) (func (param i64 i64)))
  (import "spectest" "finite_wasm_gas" (func $finite_wasm_gas (;0;) (type 1)))
  (import "spectest" "finite_wasm_stack" (func $finite_wasm_stack (;1;) (type 2)))
  (import "spectest" "finite_wasm_unstack" (func $finite_wasm_unstack (;2;) (type 2)))
  (func $f (;3;) (type 0))
  (table (;0;) 0 0 funcref)
  (elem (;0;) (i32.const 0) func $f)
) "out of bounds table access")

(assert_trap (module
  (type (;0;) (func))
  (type (;1;) (func (param i64)))
  (type (;2;) (func (param i64 i64)))
  (import "spectest" "finite_wasm_gas" (func $finite_wasm_gas (;0;) (type 1)))
  (import "spectest" "finite_wasm_stack" (func $finite_wasm_stack (;1;) (type 2)))
  (import "spectest" "finite_wasm_unstack" (func $finite_wasm_unstack (;2;) (type 2)))
  (func $f (;3;) (type 0))
  (table (;0;) 0 1 funcref)
  (elem (;0;) (i32.const 0) func $f)
) "out of bounds table access")

(assert_trap (module
  (table (;0;) 0 funcref)
  (elem (;0;) (i32.const 1) func)
) "out of bounds table access")

(assert_trap (module
  (type (;0;) (func))
  (type (;1;) (func (param i64)))
  (type (;2;) (func (param i64 i64)))
  (import "spectest" "finite_wasm_gas" (func $finite_wasm_gas (;0;) (type 1)))
  (import "spectest" "finite_wasm_stack" (func $finite_wasm_stack (;1;) (type 2)))
  (import "spectest" "finite_wasm_unstack" (func $finite_wasm_unstack (;2;) (type 2)))
  (func $f (;3;) (type 0))
  (table (;0;) 10 funcref)
  (elem (;0;) (i32.const 10) func $f)
) "out of bounds table access")

(assert_trap (module
  (type (;0;) (func))
  (type (;1;) (func (param i64)))
  (type (;2;) (func (param i64 i64)))
  (import "spectest" "finite_wasm_gas" (func $finite_wasm_gas (;0;) (type 1)))
  (import "spectest" "finite_wasm_stack" (func $finite_wasm_stack (;1;) (type 2)))
  (import "spectest" "finite_wasm_unstack" (func $finite_wasm_unstack (;2;) (type 2)))
  (import "spectest" "table" (table (;0;) 10 funcref))
  (func $f (;3;) (type 0))
  (elem (;0;) (i32.const 10) func $f)
) "out of bounds table access")

(assert_trap (module
  (type (;0;) (func))
  (type (;1;) (func (param i64)))
  (type (;2;) (func (param i64 i64)))
  (import "spectest" "finite_wasm_gas" (func $finite_wasm_gas (;0;) (type 1)))
  (import "spectest" "finite_wasm_stack" (func $finite_wasm_stack (;1;) (type 2)))
  (import "spectest" "finite_wasm_unstack" (func $finite_wasm_unstack (;2;) (type 2)))
  (func $f (;3;) (type 0))
  (table (;0;) 10 20 funcref)
  (elem (;0;) (i32.const 10) func $f)
) "out of bounds table access")

(assert_trap (module
  (type (;0;) (func))
  (type (;1;) (func (param i64)))
  (type (;2;) (func (param i64 i64)))
  (import "spectest" "finite_wasm_gas" (func $finite_wasm_gas (;0;) (type 1)))
  (import "spectest" "finite_wasm_stack" (func $finite_wasm_stack (;1;) (type 2)))
  (import "spectest" "finite_wasm_unstack" (func $finite_wasm_unstack (;2;) (type 2)))
  (import "spectest" "table" (table (;0;) 10 funcref))
  (func $f (;3;) (type 0))
  (elem (;0;) (i32.const 10) func $f)
) "out of bounds table access")

(assert_trap (module
  (type (;0;) (func))
  (type (;1;) (func (param i64)))
  (type (;2;) (func (param i64 i64)))
  (import "spectest" "finite_wasm_gas" (func $finite_wasm_gas (;0;) (type 1)))
  (import "spectest" "finite_wasm_stack" (func $finite_wasm_stack (;1;) (type 2)))
  (import "spectest" "finite_wasm_unstack" (func $finite_wasm_unstack (;2;) (type 2)))
  (func $f (;3;) (type 0))
  (table (;0;) 10 funcref)
  (elem (;0;) (i32.const -1) func $f)
) "out of bounds table access")

(assert_trap (module
  (type (;0;) (func))
  (type (;1;) (func (param i64)))
  (type (;2;) (func (param i64 i64)))
  (import "spectest" "finite_wasm_gas" (func $finite_wasm_gas (;0;) (type 1)))
  (import "spectest" "finite_wasm_stack" (func $finite_wasm_stack (;1;) (type 2)))
  (import "spectest" "finite_wasm_unstack" (func $finite_wasm_unstack (;2;) (type 2)))
  (import "spectest" "table" (table (;0;) 10 funcref))
  (func $f (;3;) (type 0))
  (elem (;0;) (i32.const -1) func $f)
) "out of bounds table access")

(assert_trap (module
  (type (;0;) (func))
  (type (;1;) (func (param i64)))
  (type (;2;) (func (param i64 i64)))
  (import "spectest" "finite_wasm_gas" (func $finite_wasm_gas (;0;) (type 1)))
  (import "spectest" "finite_wasm_stack" (func $finite_wasm_stack (;1;) (type 2)))
  (import "spectest" "finite_wasm_unstack" (func $finite_wasm_unstack (;2;) (type 2)))
  (func $f (;3;) (type 0))
  (table (;0;) 10 funcref)
  (elem (;0;) (i32.const -10) func $f)
) "out of bounds table access")

(assert_trap (module
  (type (;0;) (func))
  (type (;1;) (func (param i64)))
  (type (;2;) (func (param i64 i64)))
  (import "spectest" "finite_wasm_gas" (func $finite_wasm_gas (;0;) (type 1)))
  (import "spectest" "finite_wasm_stack" (func $finite_wasm_stack (;1;) (type 2)))
  (import "spectest" "finite_wasm_unstack" (func $finite_wasm_unstack (;2;) (type 2)))
  (import "spectest" "table" (table (;0;) 10 funcref))
  (func $f (;3;) (type 0))
  (elem (;0;) (i32.const -10) func $f)
) "out of bounds table access")
(module
  (type (;0;) (func))
  (type (;1;) (func (param i64)))
  (type (;2;) (func (param i64 i64)))
  (import "spectest" "finite_wasm_gas" (func $finite_wasm_gas (;0;) (type 1)))
  (import "spectest" "finite_wasm_stack" (func $finite_wasm_stack (;1;) (type 2)))
  (import "spectest" "finite_wasm_unstack" (func $finite_wasm_unstack (;2;) (type 2)))
  (func $f (;3;) (type 0))
  (func (;4;) (type 0)
    block ;; label = @1
      i64.const 12
      i64.const 0
      call $finite_wasm_stack
      i64.const 0
      call $finite_wasm_gas
      i64.const 3
      call $finite_wasm_gas
      i32.const 0
      i32.const 0
      i32.const 1
      i64.const 1
      call $finite_wasm_gas
      table.init $e
    end
    i64.const 12
    i64.const 0
    call $finite_wasm_unstack
  )
  (table (;0;) 10 funcref)
  (export "init" (func 4))
  (elem $e (;0;) (i32.const 0) func $f)
)
(assert_trap (invoke "init") "out of bounds table access")

(module
  (type (;0;) (func))
  (type (;1;) (func (param i64)))
  (type (;2;) (func (param i64 i64)))
  (import "spectest" "finite_wasm_gas" (func $finite_wasm_gas (;0;) (type 1)))
  (import "spectest" "finite_wasm_stack" (func $finite_wasm_stack (;1;) (type 2)))
  (import "spectest" "finite_wasm_unstack" (func $finite_wasm_unstack (;2;) (type 2)))
  (func $f (;3;) (type 0))
  (func (;4;) (type 0)
    block ;; label = @1
      i64.const 12
      i64.const 0
      call $finite_wasm_stack
      i64.const 0
      call $finite_wasm_gas
      i64.const 3
      call $finite_wasm_gas
      i32.const 0
      i32.const 0
      i32.const 1
      i64.const 1
      call $finite_wasm_gas
      table.init $e
    end
    i64.const 12
    i64.const 0
    call $finite_wasm_unstack
  )
  (table (;0;) 10 funcref)
  (export "init" (func 4))
  (elem $e (;0;) declare func $f)
)
(assert_trap (invoke "init") "out of bounds table access")

;; Element without table

(module
  (type $out-i32 (;0;) (func (result i32)))
  (type (;1;) (func (param i64)))
  (type (;2;) (func (param i64 i64)))
  (import "spectest" "finite_wasm_gas" (func $finite_wasm_gas (;0;) (type 1)))
  (import "spectest" "finite_wasm_stack" (func $finite_wasm_stack (;1;) (type 2)))
  (import "spectest" "finite_wasm_unstack" (func $finite_wasm_unstack (;2;) (type 2)))
  (func $const-i32-a (;3;) (type $out-i32) (result i32)
    block (result i32) ;; label = @1
      i64.const 4
      i64.const 0
      call $finite_wasm_stack
      i64.const 0
      call $finite_wasm_gas
      i64.const 1
      call $finite_wasm_gas
      i32.const 65
    end
    i64.const 4
    i64.const 0
    call $finite_wasm_unstack
  )
  (func $const-i32-b (;4;) (type $out-i32) (result i32)
    block (result i32) ;; label = @1
      i64.const 4
      i64.const 0
      call $finite_wasm_stack
      i64.const 0
      call $finite_wasm_gas
      i64.const 1
      call $finite_wasm_gas
      i32.const 66
    end
    i64.const 4
    i64.const 0
    call $finite_wasm_unstack
  )
  (func (;5;) (type $out-i32) (result i32)
    block (result i32) ;; label = @1
      i64.const 8
      i64.const 0
      call $finite_wasm_stack
      i64.const 0
      call $finite_wasm_gas
      i64.const 2
      call $finite_wasm_gas
      i32.const 9
      call_indirect (type $out-i32)
    end
    i64.const 8
    i64.const 0
    call $finite_wasm_unstack
  )
  (table (;0;) 10 funcref)
  (export "call-overwritten" (func 5))
  (elem (;0;) (i32.const 9) func $const-i32-a)
  (elem (;1;) (i32.const 9) func $const-i32-b)
)
(assert_return (invoke "call-overwritten") (i32.const 66))

(module
  (type $out-i32 (;0;) (func (result i32)))
  (type (;1;) (func (param i64)))
  (type (;2;) (func (param i64 i64)))
  (import "spectest" "finite_wasm_gas" (func $finite_wasm_gas (;0;) (type 1)))
  (import "spectest" "finite_wasm_stack" (func $finite_wasm_stack (;1;) (type 2)))
  (import "spectest" "finite_wasm_unstack" (func $finite_wasm_unstack (;2;) (type 2)))
  (import "spectest" "table" (table (;0;) 10 funcref))
  (func $const-i32-a (;3;) (type $out-i32) (result i32)
    block (result i32) ;; label = @1
      i64.const 4
      i64.const 0
      call $finite_wasm_stack
      i64.const 0
      call $finite_wasm_gas
      i64.const 1
      call $finite_wasm_gas
      i32.const 65
    end
    i64.const 4
    i64.const 0
    call $finite_wasm_unstack
  )
  (func $const-i32-b (;4;) (type $out-i32) (result i32)
    block (result i32) ;; label = @1
      i64.const 4
      i64.const 0
      call $finite_wasm_stack
      i64.const 0
      call $finite_wasm_gas
      i64.const 1
      call $finite_wasm_gas
      i32.const 66
    end
    i64.const 4
    i64.const 0
    call $finite_wasm_unstack
  )
  (func (;5;) (type $out-i32) (result i32)
    block (result i32) ;; label = @1
      i64.const 8
      i64.const 0
      call $finite_wasm_stack
      i64.const 0
      call $finite_wasm_gas
      i64.const 2
      call $finite_wasm_gas
      i32.const 9
      call_indirect (type $out-i32)
    end
    i64.const 8
    i64.const 0
    call $finite_wasm_unstack
  )
  (export "call-overwritten-element" (func 5))
  (elem (;0;) (i32.const 9) func $const-i32-a)
  (elem (;1;) (i32.const 9) func $const-i32-b)
)
(assert_return (invoke "call-overwritten-element") (i32.const 66))

;; Element sections across multiple modules change the same table

(module $module1
  (type $out-i32 (;0;) (func (result i32)))
  (type (;1;) (func (param i64)))
  (type (;2;) (func (param i64 i64)))
  (import "spectest" "finite_wasm_gas" (func $finite_wasm_gas (;0;) (type 1)))
  (import "spectest" "finite_wasm_stack" (func $finite_wasm_stack (;1;) (type 2)))
  (import "spectest" "finite_wasm_unstack" (func $finite_wasm_unstack (;2;) (type 2)))
  (func $const-i32-a (;3;) (type $out-i32) (result i32)
    block (result i32) ;; label = @1
      i64.const 4
      i64.const 0
      call $finite_wasm_stack
      i64.const 0
      call $finite_wasm_gas
      i64.const 1
      call $finite_wasm_gas
      i32.const 65
    end
    i64.const 4
    i64.const 0
    call $finite_wasm_unstack
  )
  (func $const-i32-b (;4;) (type $out-i32) (result i32)
    block (result i32) ;; label = @1
      i64.const 4
      i64.const 0
      call $finite_wasm_stack
      i64.const 0
      call $finite_wasm_gas
      i64.const 1
      call $finite_wasm_gas
      i32.const 66
    end
    i64.const 4
    i64.const 0
    call $finite_wasm_unstack
  )
  (func (;5;) (type $out-i32) (result i32)
    block (result i32) ;; label = @1
      i64.const 8
      i64.const 0
      call $finite_wasm_stack
      i64.const 0
      call $finite_wasm_gas
      i64.const 2
      call $finite_wasm_gas
      i32.const 7
      call_indirect (type $out-i32)
    end
    i64.const 8
    i64.const 0
    call $finite_wasm_unstack
  )
  (func (;6;) (type $out-i32) (result i32)
    block (result i32) ;; label = @1
      i64.const 8
      i64.const 0
      call $finite_wasm_stack
      i64.const 0
      call $finite_wasm_gas
      i64.const 2
      call $finite_wasm_gas
      i32.const 8
      call_indirect (type $out-i32)
    end
    i64.const 8
    i64.const 0
    call $finite_wasm_unstack
  )
  (func (;7;) (type $out-i32) (result i32)
    block (result i32) ;; label = @1
      i64.const 8
      i64.const 0
      call $finite_wasm_stack
      i64.const 0
      call $finite_wasm_gas
      i64.const 2
      call $finite_wasm_gas
      i32.const 9
      call_indirect (type $out-i32)
    end
    i64.const 8
    i64.const 0
    call $finite_wasm_unstack
  )
  (table (;0;) 10 funcref)
  (export "shared-table" (table 0))
  (export "call-7" (func 5))
  (export "call-8" (func 6))
  (export "call-9" (func 7))
  (elem (;0;) (i32.const 8) func $const-i32-a)
  (elem (;1;) (i32.const 9) func $const-i32-b)
)
(register "module1" $module1)

(assert_trap (invoke $module1 "call-7") "uninitialized element")
(assert_return (invoke $module1 "call-8") (i32.const 65))
(assert_return (invoke $module1 "call-9") (i32.const 66))

(module $module2
  (type $out-i32 (;0;) (func (result i32)))
  (type (;1;) (func (param i64)))
  (type (;2;) (func (param i64 i64)))
  (import "spectest" "finite_wasm_gas" (func $finite_wasm_gas (;0;) (type 1)))
  (import "spectest" "finite_wasm_stack" (func $finite_wasm_stack (;1;) (type 2)))
  (import "spectest" "finite_wasm_unstack" (func $finite_wasm_unstack (;2;) (type 2)))
  (import "module1" "shared-table" (table (;0;) 10 funcref))
  (func $const-i32-c (;3;) (type $out-i32) (result i32)
    block (result i32) ;; label = @1
      i64.const 4
      i64.const 0
      call $finite_wasm_stack
      i64.const 0
      call $finite_wasm_gas
      i64.const 1
      call $finite_wasm_gas
      i32.const 67
    end
    i64.const 4
    i64.const 0
    call $finite_wasm_unstack
  )
  (func $const-i32-d (;4;) (type $out-i32) (result i32)
    block (result i32) ;; label = @1
      i64.const 4
      i64.const 0
      call $finite_wasm_stack
      i64.const 0
      call $finite_wasm_gas
      i64.const 1
      call $finite_wasm_gas
      i32.const 68
    end
    i64.const 4
    i64.const 0
    call $finite_wasm_unstack
  )
  (elem (;0;) (i32.const 7) func $const-i32-c)
  (elem (;1;) (i32.const 8) func $const-i32-d)
)
(assert_return (invoke $module1 "call-7") (i32.const 67))
(assert_return (invoke $module1 "call-8") (i32.const 68))
(assert_return (invoke $module1 "call-9") (i32.const 66))

(module $module3
  (type $out-i32 (;0;) (func (result i32)))
  (type (;1;) (func (param i64)))
  (type (;2;) (func (param i64 i64)))
  (import "spectest" "finite_wasm_gas" (func $finite_wasm_gas (;0;) (type 1)))
  (import "spectest" "finite_wasm_stack" (func $finite_wasm_stack (;1;) (type 2)))
  (import "spectest" "finite_wasm_unstack" (func $finite_wasm_unstack (;2;) (type 2)))
  (import "module1" "shared-table" (table (;0;) 10 funcref))
  (func $const-i32-e (;3;) (type $out-i32) (result i32)
    block (result i32) ;; label = @1
      i64.const 4
      i64.const 0
      call $finite_wasm_stack
      i64.const 0
      call $finite_wasm_gas
      i64.const 1
      call $finite_wasm_gas
      i32.const 69
    end
    i64.const 4
    i64.const 0
    call $finite_wasm_unstack
  )
  (func $const-i32-f (;4;) (type $out-i32) (result i32)
    block (result i32) ;; label = @1
      i64.const 4
      i64.const 0
      call $finite_wasm_stack
      i64.const 0
      call $finite_wasm_gas
      i64.const 1
      call $finite_wasm_gas
      i32.const 70
    end
    i64.const 4
    i64.const 0
    call $finite_wasm_unstack
  )
  (elem (;0;) (i32.const 8) func $const-i32-e)
  (elem (;1;) (i32.const 9) func $const-i32-f)
)
(assert_return (invoke $module1 "call-7") (i32.const 67))
(assert_return (invoke $module1 "call-8") (i32.const 69))
(assert_return (invoke $module1 "call-9") (i32.const 70))

;; Element segments must match element type of table

(module $m
  (type (;0;) (func (param i32) (result externref)))
  (type (;1;) (func (param i32 externref)))
  (type (;2;) (func (param i64)))
  (type (;3;) (func (param i64 i64)))
  (import "spectest" "finite_wasm_gas" (func (;0;) (type 2)))
  (import "spectest" "finite_wasm_stack" (func (;1;) (type 3)))
  (import "spectest" "finite_wasm_unstack" (func (;2;) (type 3)))
  (func (;3;) (type 0) (param $i i32) (result externref)
    block (result externref) ;; label = @1
      i64.const 32
      i64.const 1
      call 1
      i64.const 0
      call 0
      i64.const 2
      call 0
      local.get $i
      table.get $t
    end
    i64.const 32
    i64.const 1
    call 2
  )
  (func (;4;) (type 1) (param $i i32) (param $x externref)
    block ;; label = @1
      i64.const 36
      i64.const 2
      call 1
      i64.const 0
      call 0
      i64.const 3
      call 0
      local.get $i
      local.get $x
      table.set $t
    end
    i64.const 36
    i64.const 2
    call 2
  )
  (table $t (;0;) 2 externref)
  (export "table" (table $t))
  (export "get" (func 3))
  (export "set" (func 4))
)
(register "exporter" $m)

(assert_return (invoke $m "get" (i32.const 0)) (ref.null extern))
(assert_return (invoke $m "get" (i32.const 1)) (ref.null extern))

(assert_return (invoke $m "set" (i32.const 0) (ref.extern 42)))
(assert_return (invoke $m "set" (i32.const 1) (ref.extern 137)))

(assert_return (invoke $m "get" (i32.const 0)) (ref.extern 42))
(assert_return (invoke $m "get" (i32.const 1)) (ref.extern 137))

(module
  (type (;0;) (func (param i64)))
  (type (;1;) (func (param i64 i64)))
  (import "spectest" "finite_wasm_gas" (func (;0;) (type 0)))
  (import "spectest" "finite_wasm_stack" (func (;1;) (type 1)))
  (import "spectest" "finite_wasm_unstack" (func (;2;) (type 1)))
  (import "exporter" "table" (table $t (;0;) 2 externref))
  (elem (;0;) (i32.const 0) externref (ref.null extern))
)
(assert_return (invoke $m "get" (i32.const 0)) (ref.null extern))
(assert_return (invoke $m "get" (i32.const 1)) (ref.extern 137))
